{"__type":"$$EventMessageWorkflow","id":"cead03fe-c3b5-4a28-804c-bbb8b2c658d2","ts":"2026-01-23T15:19:00.577-05:00","eventName":"n8n.workflow.started","message":"n8n.workflow.started","payload":{"executionId":"20","workflowId":"huq7KEz7x0gMfRfdErCYu","isManual":false,"workflowName":"AI Process Optimizer v1"}}
{"__type":"$$EventMessageConfirm","confirm":"cead03fe-c3b5-4a28-804c-bbb8b2c658d2","ts":"2026-01-23T15:19:00.578-05:00","source":{"id":"0","name":"eventBus"}}
{"__type":"$$EventMessageAudit","id":"d3c71392-4a00-4008-a91f-ea3781c4a97f","ts":"2026-01-23T15:19:00.579-05:00","eventName":"n8n.audit.workflow.executed","message":"n8n.audit.workflow.executed","payload":{"workflowId":"huq7KEz7x0gMfRfdErCYu","workflowName":"AI Process Optimizer v1","executionId":"20","source":"webhook"}}
{"__type":"$$EventMessageConfirm","confirm":"d3c71392-4a00-4008-a91f-ea3781c4a97f","ts":"2026-01-23T15:19:00.579-05:00","source":{"id":"0","name":"eventBus"}}
{"__type":"$$EventMessageNode","id":"7d1f27cd-19ff-49ae-a199-133335dad9a4","ts":"2026-01-23T15:19:00.581-05:00","eventName":"n8n.node.started","message":"n8n.node.started","payload":{"workflowId":"huq7KEz7x0gMfRfdErCYu","workflowName":"AI Process Optimizer v1","executionId":"20","nodeType":"n8n-nodes-base.webhook","nodeName":"Webhook1","nodeId":"edad836c-dfcd-4f20-a8c7-1849df114bc8"}}
{"__type":"$$EventMessageConfirm","confirm":"7d1f27cd-19ff-49ae-a199-133335dad9a4","ts":"2026-01-23T15:19:00.582-05:00","source":{"id":"0","name":"eventBus"}}
{"__type":"$$EventMessageNode","id":"8e96949d-57b3-4a62-b2b8-edf8e2100187","ts":"2026-01-23T15:19:00.585-05:00","eventName":"n8n.node.finished","message":"n8n.node.finished","payload":{"workflowId":"huq7KEz7x0gMfRfdErCYu","workflowName":"AI Process Optimizer v1","executionId":"20","nodeType":"n8n-nodes-base.webhook","nodeName":"Webhook1","nodeId":"edad836c-dfcd-4f20-a8c7-1849df114bc8"}}
{"__type":"$$EventMessageConfirm","confirm":"8e96949d-57b3-4a62-b2b8-edf8e2100187","ts":"2026-01-23T15:19:00.585-05:00","source":{"id":"0","name":"eventBus"}}
{"__type":"$$EventMessageNode","id":"b775d772-6b68-461d-96d5-8d0f134e3e26","ts":"2026-01-23T15:19:00.588-05:00","eventName":"n8n.node.started","message":"n8n.node.started","payload":{"workflowId":"huq7KEz7x0gMfRfdErCYu","workflowName":"AI Process Optimizer v1","executionId":"20","nodeType":"n8n-nodes-base.notion","nodeName":"Create a database page1","nodeId":"3e7118ec-f551-45ac-b159-c5004e664209"}}
{"__type":"$$EventMessageConfirm","confirm":"b775d772-6b68-461d-96d5-8d0f134e3e26","ts":"2026-01-23T15:19:00.589-05:00","source":{"id":"0","name":"eventBus"}}
{"__type":"$$EventMessageNode","id":"36de8aa2-79c2-477d-8023-59d46a4d79ce","ts":"2026-01-23T15:19:02.684-05:00","eventName":"n8n.node.finished","message":"n8n.node.finished","payload":{"workflowId":"huq7KEz7x0gMfRfdErCYu","workflowName":"AI Process Optimizer v1","executionId":"20","nodeType":"n8n-nodes-base.notion","nodeName":"Create a database page1","nodeId":"3e7118ec-f551-45ac-b159-c5004e664209"}}
{"__type":"$$EventMessageConfirm","confirm":"36de8aa2-79c2-477d-8023-59d46a4d79ce","ts":"2026-01-23T15:19:02.684-05:00","source":{"id":"0","name":"eventBus"}}
{"__type":"$$EventMessageWorkflow","id":"6842c480-f649-4d83-885f-6db6a676b19c","ts":"2026-01-23T15:19:02.704-05:00","eventName":"n8n.workflow.success","message":"n8n.workflow.success","payload":{"executionId":"20","success":true,"isManual":true,"workflowId":"huq7KEz7x0gMfRfdErCYu","workflowName":"AI Process Optimizer v1"}}
{"__type":"$$EventMessageConfirm","confirm":"6842c480-f649-4d83-885f-6db6a676b19c","ts":"2026-01-23T15:19:02.705-05:00","source":{"id":"0","name":"eventBus"}}
{"__type":"$$EventMessageWorkflow","id":"42eb1fa0-4bed-4f6a-98fd-d02956f00ed2","ts":"2026-01-23T15:21:21.032-05:00","eventName":"n8n.workflow.started","message":"n8n.workflow.started","payload":{"executionId":"21","workflowId":"huq7KEz7x0gMfRfdErCYu","isManual":false,"workflowName":"AI Process Optimizer v1"}}
{"__type":"$$EventMessageConfirm","confirm":"42eb1fa0-4bed-4f6a-98fd-d02956f00ed2","ts":"2026-01-23T15:21:21.032-05:00","source":{"id":"0","name":"eventBus"}}
{"__type":"$$EventMessageAudit","id":"cef5c7c2-a626-49e9-9b87-eefec19d611c","ts":"2026-01-23T15:21:21.032-05:00","eventName":"n8n.audit.workflow.executed","message":"n8n.audit.workflow.executed","payload":{"workflowId":"huq7KEz7x0gMfRfdErCYu","workflowName":"AI Process Optimizer v1","executionId":"21","source":"webhook"}}
{"__type":"$$EventMessageConfirm","confirm":"cef5c7c2-a626-49e9-9b87-eefec19d611c","ts":"2026-01-23T15:21:21.032-05:00","source":{"id":"0","name":"eventBus"}}
{"__type":"$$EventMessageNode","id":"faa52084-2c46-4a9f-9603-cd359ebda63d","ts":"2026-01-23T15:21:21.034-05:00","eventName":"n8n.node.started","message":"n8n.node.started","payload":{"workflowId":"huq7KEz7x0gMfRfdErCYu","workflowName":"AI Process Optimizer v1","executionId":"21","nodeType":"n8n-nodes-base.webhook","nodeName":"Webhook","nodeId":"8e0314ea-e9e8-41c1-bae8-6cafb4fb200a"}}
{"__type":"$$EventMessageConfirm","confirm":"faa52084-2c46-4a9f-9603-cd359ebda63d","ts":"2026-01-23T15:21:21.034-05:00","source":{"id":"0","name":"eventBus"}}
{"__type":"$$EventMessageNode","id":"af6c379c-88b6-4663-bbd6-84bf7b2becdf","ts":"2026-01-23T15:21:21.035-05:00","eventName":"n8n.node.finished","message":"n8n.node.finished","payload":{"workflowId":"huq7KEz7x0gMfRfdErCYu","workflowName":"AI Process Optimizer v1","executionId":"21","nodeType":"n8n-nodes-base.webhook","nodeName":"Webhook","nodeId":"8e0314ea-e9e8-41c1-bae8-6cafb4fb200a"}}
{"__type":"$$EventMessageConfirm","confirm":"af6c379c-88b6-4663-bbd6-84bf7b2becdf","ts":"2026-01-23T15:21:21.035-05:00","source":{"id":"0","name":"eventBus"}}
{"__type":"$$EventMessageNode","id":"89cd570c-bf0b-43c9-9f94-c6af3aacfdd9","ts":"2026-01-23T15:21:21.036-05:00","eventName":"n8n.node.started","message":"n8n.node.started","payload":{"workflowId":"huq7KEz7x0gMfRfdErCYu","workflowName":"AI Process Optimizer v1","executionId":"21","nodeType":"n8n-nodes-base.notion","nodeName":"Create a database page","nodeId":"b003d87a-1f21-4652-a36a-4f34992e0fa1"}}
{"__type":"$$EventMessageConfirm","confirm":"89cd570c-bf0b-43c9-9f94-c6af3aacfdd9","ts":"2026-01-23T15:21:21.037-05:00","source":{"id":"0","name":"eventBus"}}
{"__type":"$$EventMessageNode","id":"3bc3cc9e-3fbd-433c-a49c-bcb51397ad58","ts":"2026-01-23T15:21:23.238-05:00","eventName":"n8n.node.finished","message":"n8n.node.finished","payload":{"workflowId":"huq7KEz7x0gMfRfdErCYu","workflowName":"AI Process Optimizer v1","executionId":"21","nodeType":"n8n-nodes-base.notion","nodeName":"Create a database page","nodeId":"b003d87a-1f21-4652-a36a-4f34992e0fa1"}}
{"__type":"$$EventMessageConfirm","confirm":"3bc3cc9e-3fbd-433c-a49c-bcb51397ad58","ts":"2026-01-23T15:21:23.238-05:00","source":{"id":"0","name":"eventBus"}}
{"__type":"$$EventMessageWorkflow","id":"7f9a025c-278e-4168-864f-70c138bd8612","ts":"2026-01-23T15:21:23.245-05:00","eventName":"n8n.workflow.success","message":"n8n.workflow.success","payload":{"executionId":"21","success":true,"isManual":true,"workflowId":"huq7KEz7x0gMfRfdErCYu","workflowName":"AI Process Optimizer v1"}}
{"__type":"$$EventMessageConfirm","confirm":"7f9a025c-278e-4168-864f-70c138bd8612","ts":"2026-01-23T15:21:23.245-05:00","source":{"id":"0","name":"eventBus"}}
{"__type":"$$EventMessageAudit","id":"dff7c80c-ad38-4817-acad-49fe4feccfec","ts":"2026-01-23T15:33:59.188-05:00","eventName":"n8n.audit.workflow.updated","message":"n8n.audit.workflow.updated","payload":{"userId":"2a012144-5790-42bf-a5ce-c35e032b4d77","_email":"programmingpyrubygo@gmail.com","_firstName":"Lucas","_lastName":"de Souza Gomes","globalRole":"global:owner","workflowId":"huq7KEz7x0gMfRfdErCYu","workflowName":"AI Process Optimizer v1"}}
{"__type":"$$EventMessageConfirm","confirm":"dff7c80c-ad38-4817-acad-49fe4feccfec","ts":"2026-01-23T15:33:59.189-05:00","source":{"id":"0","name":"eventBus"}}
{"__type":"$$EventMessageAudit","id":"cbe32b72-d79a-4e67-9751-4da3eca5bdde","ts":"2026-01-23T15:34:05.454-05:00","eventName":"n8n.audit.workflow.updated","message":"n8n.audit.workflow.updated","payload":{"userId":"2a012144-5790-42bf-a5ce-c35e032b4d77","_email":"programmingpyrubygo@gmail.com","_firstName":"Lucas","_lastName":"de Souza Gomes","globalRole":"global:owner","workflowId":"huq7KEz7x0gMfRfdErCYu","workflowName":"AI Process Optimizer v1"}}
{"__type":"$$EventMessageConfirm","confirm":"cbe32b72-d79a-4e67-9751-4da3eca5bdde","ts":"2026-01-23T15:34:05.454-05:00","source":{"id":"0","name":"eventBus"}}
{"__type":"$$EventMessageAudit","id":"072d4578-04e2-4b05-98e8-b82c6e4b207f","ts":"2026-01-23T15:34:21.041-05:00","eventName":"n8n.audit.workflow.updated","message":"n8n.audit.workflow.updated","payload":{"userId":"2a012144-5790-42bf-a5ce-c35e032b4d77","_email":"programmingpyrubygo@gmail.com","_firstName":"Lucas","_lastName":"de Souza Gomes","globalRole":"global:owner","workflowId":"huq7KEz7x0gMfRfdErCYu","workflowName":"AI Process Optimizer v1"}}
{"__type":"$$EventMessageConfirm","confirm":"072d4578-04e2-4b05-98e8-b82c6e4b207f","ts":"2026-01-23T15:34:21.041-05:00","source":{"id":"0","name":"eventBus"}}
{"__type":"$$EventMessageAudit","id":"2db7c6e3-b682-4978-bb26-42a4d85b0eb1","ts":"2026-01-23T15:34:39.242-05:00","eventName":"n8n.audit.workflow.updated","message":"n8n.audit.workflow.updated","payload":{"userId":"2a012144-5790-42bf-a5ce-c35e032b4d77","_email":"programmingpyrubygo@gmail.com","_firstName":"Lucas","_lastName":"de Souza Gomes","globalRole":"global:owner","workflowId":"huq7KEz7x0gMfRfdErCYu","workflowName":"AI Process Optimizer v1"}}
{"__type":"$$EventMessageConfirm","confirm":"2db7c6e3-b682-4978-bb26-42a4d85b0eb1","ts":"2026-01-23T15:34:39.242-05:00","source":{"id":"0","name":"eventBus"}}
{"__type":"$$EventMessageAudit","id":"d1caceae-f6b5-4f7f-9504-474f0da08f3e","ts":"2026-01-23T15:36:34.229-05:00","eventName":"n8n.audit.workflow.updated","message":"n8n.audit.workflow.updated","payload":{"userId":"2a012144-5790-42bf-a5ce-c35e032b4d77","_email":"programmingpyrubygo@gmail.com","_firstName":"Lucas","_lastName":"de Souza Gomes","globalRole":"global:owner","workflowId":"huq7KEz7x0gMfRfdErCYu","workflowName":"AI Process Optimizer v1"}}
{"__type":"$$EventMessageConfirm","confirm":"d1caceae-f6b5-4f7f-9504-474f0da08f3e","ts":"2026-01-23T15:36:34.229-05:00","source":{"id":"0","name":"eventBus"}}
{"__type":"$$EventMessageAudit","id":"041293d4-e25f-4067-8d24-3b2f080aea52","ts":"2026-01-23T15:36:54.400-05:00","eventName":"n8n.audit.workflow.updated","message":"n8n.audit.workflow.updated","payload":{"userId":"2a012144-5790-42bf-a5ce-c35e032b4d77","_email":"programmingpyrubygo@gmail.com","_firstName":"Lucas","_lastName":"de Souza Gomes","globalRole":"global:owner","workflowId":"huq7KEz7x0gMfRfdErCYu","workflowName":"AI Process Optimizer v1"}}
{"__type":"$$EventMessageConfirm","confirm":"041293d4-e25f-4067-8d24-3b2f080aea52","ts":"2026-01-23T15:36:54.401-05:00","source":{"id":"0","name":"eventBus"}}
{"__type":"$$EventMessageAudit","id":"e09bdfa3-dd85-4066-8360-babfe6288aaa","ts":"2026-01-23T15:37:03.638-05:00","eventName":"n8n.audit.workflow.updated","message":"n8n.audit.workflow.updated","payload":{"userId":"2a012144-5790-42bf-a5ce-c35e032b4d77","_email":"programmingpyrubygo@gmail.com","_firstName":"Lucas","_lastName":"de Souza Gomes","globalRole":"global:owner","workflowId":"huq7KEz7x0gMfRfdErCYu","workflowName":"AI Process Optimizer v1"}}
{"__type":"$$EventMessageConfirm","confirm":"e09bdfa3-dd85-4066-8360-babfe6288aaa","ts":"2026-01-23T15:37:03.638-05:00","source":{"id":"0","name":"eventBus"}}
{"__type":"$$EventMessageAudit","id":"dc5d3c84-913b-4fac-a129-1fad432f080c","ts":"2026-01-23T15:37:21.505-05:00","eventName":"n8n.audit.workflow.updated","message":"n8n.audit.workflow.updated","payload":{"userId":"2a012144-5790-42bf-a5ce-c35e032b4d77","_email":"programmingpyrubygo@gmail.com","_firstName":"Lucas","_lastName":"de Souza Gomes","globalRole":"global:owner","workflowId":"huq7KEz7x0gMfRfdErCYu","workflowName":"AI Process Optimizer v1"}}
{"__type":"$$EventMessageConfirm","confirm":"dc5d3c84-913b-4fac-a129-1fad432f080c","ts":"2026-01-23T15:37:21.506-05:00","source":{"id":"0","name":"eventBus"}}
{"__type":"$$EventMessageAudit","id":"beb46b55-02a1-4159-b716-29e677835440","ts":"2026-01-23T15:37:28.707-05:00","eventName":"n8n.audit.workflow.updated","message":"n8n.audit.workflow.updated","payload":{"userId":"2a012144-5790-42bf-a5ce-c35e032b4d77","_email":"programmingpyrubygo@gmail.com","_firstName":"Lucas","_lastName":"de Souza Gomes","globalRole":"global:owner","workflowId":"huq7KEz7x0gMfRfdErCYu","workflowName":"AI Process Optimizer v1"}}
{"__type":"$$EventMessageConfirm","confirm":"beb46b55-02a1-4159-b716-29e677835440","ts":"2026-01-23T15:37:28.708-05:00","source":{"id":"0","name":"eventBus"}}
{"__type":"$$EventMessageAudit","id":"55e5a447-2220-4d9a-abd9-3f78b5d28acd","ts":"2026-01-23T15:37:41.624-05:00","eventName":"n8n.audit.workflow.updated","message":"n8n.audit.workflow.updated","payload":{"userId":"2a012144-5790-42bf-a5ce-c35e032b4d77","_email":"programmingpyrubygo@gmail.com","_firstName":"Lucas","_lastName":"de Souza Gomes","globalRole":"global:owner","workflowId":"huq7KEz7x0gMfRfdErCYu","workflowName":"AI Process Optimizer v1"}}
{"__type":"$$EventMessageConfirm","confirm":"55e5a447-2220-4d9a-abd9-3f78b5d28acd","ts":"2026-01-23T15:37:41.625-05:00","source":{"id":"0","name":"eventBus"}}
{"__type":"$$EventMessageAudit","id":"ec5bdedd-c4dd-465c-942e-99af2759ea59","ts":"2026-01-23T15:37:50.066-05:00","eventName":"n8n.audit.workflow.updated","message":"n8n.audit.workflow.updated","payload":{"userId":"2a012144-5790-42bf-a5ce-c35e032b4d77","_email":"programmingpyrubygo@gmail.com","_firstName":"Lucas","_lastName":"de Souza Gomes","globalRole":"global:owner","workflowId":"huq7KEz7x0gMfRfdErCYu","workflowName":"AI Process Optimizer v1"}}
{"__type":"$$EventMessageConfirm","confirm":"ec5bdedd-c4dd-465c-942e-99af2759ea59","ts":"2026-01-23T15:37:50.067-05:00","source":{"id":"0","name":"eventBus"}}
{"__type":"$$EventMessageAudit","id":"652fa214-3989-479f-8c7c-0478ba040b30","ts":"2026-01-23T15:39:07.442-05:00","eventName":"n8n.audit.workflow.updated","message":"n8n.audit.workflow.updated","payload":{"userId":"2a012144-5790-42bf-a5ce-c35e032b4d77","_email":"programmingpyrubygo@gmail.com","_firstName":"Lucas","_lastName":"de Souza Gomes","globalRole":"global:owner","workflowId":"huq7KEz7x0gMfRfdErCYu","workflowName":"AI Process Optimizer v1"}}
{"__type":"$$EventMessageConfirm","confirm":"652fa214-3989-479f-8c7c-0478ba040b30","ts":"2026-01-23T15:39:07.442-05:00","source":{"id":"0","name":"eventBus"}}
{"__type":"$$EventMessageAudit","id":"c0b39024-8cf7-481a-863d-5a1a26e877cc","ts":"2026-01-23T15:39:15.002-05:00","eventName":"n8n.audit.workflow.updated","message":"n8n.audit.workflow.updated","payload":{"userId":"2a012144-5790-42bf-a5ce-c35e032b4d77","_email":"programmingpyrubygo@gmail.com","_firstName":"Lucas","_lastName":"de Souza Gomes","globalRole":"global:owner","workflowId":"huq7KEz7x0gMfRfdErCYu","workflowName":"AI Process Optimizer v1"}}
{"__type":"$$EventMessageConfirm","confirm":"c0b39024-8cf7-481a-863d-5a1a26e877cc","ts":"2026-01-23T15:39:15.002-05:00","source":{"id":"0","name":"eventBus"}}
{"__type":"$$EventMessageAudit","id":"5f229eca-c2b8-4f92-afed-65e6ea3b3e7e","ts":"2026-01-23T15:39:38.624-05:00","eventName":"n8n.audit.workflow.updated","message":"n8n.audit.workflow.updated","payload":{"userId":"2a012144-5790-42bf-a5ce-c35e032b4d77","_email":"programmingpyrubygo@gmail.com","_firstName":"Lucas","_lastName":"de Souza Gomes","globalRole":"global:owner","workflowId":"huq7KEz7x0gMfRfdErCYu","workflowName":"AI Process Optimizer v1"}}
{"__type":"$$EventMessageConfirm","confirm":"5f229eca-c2b8-4f92-afed-65e6ea3b3e7e","ts":"2026-01-23T15:39:38.624-05:00","source":{"id":"0","name":"eventBus"}}
{"__type":"$$EventMessageAudit","id":"6e596434-a58e-4aec-b93f-2e680fe14060","ts":"2026-01-23T15:39:46.454-05:00","eventName":"n8n.audit.workflow.updated","message":"n8n.audit.workflow.updated","payload":{"userId":"2a012144-5790-42bf-a5ce-c35e032b4d77","_email":"programmingpyrubygo@gmail.com","_firstName":"Lucas","_lastName":"de Souza Gomes","globalRole":"global:owner","workflowId":"huq7KEz7x0gMfRfdErCYu","workflowName":"AI Process Optimizer v1"}}
{"__type":"$$EventMessageConfirm","confirm":"6e596434-a58e-4aec-b93f-2e680fe14060","ts":"2026-01-23T15:39:46.454-05:00","source":{"id":"0","name":"eventBus"}}
{"__type":"$$EventMessageAudit","id":"4a94d898-4586-4069-825b-488bb4c6f8c4","ts":"2026-01-23T15:39:59.874-05:00","eventName":"n8n.audit.workflow.updated","message":"n8n.audit.workflow.updated","payload":{"userId":"2a012144-5790-42bf-a5ce-c35e032b4d77","_email":"programmingpyrubygo@gmail.com","_firstName":"Lucas","_lastName":"de Souza Gomes","globalRole":"global:owner","workflowId":"huq7KEz7x0gMfRfdErCYu","workflowName":"AI Process Optimizer v1"}}
{"__type":"$$EventMessageConfirm","confirm":"4a94d898-4586-4069-825b-488bb4c6f8c4","ts":"2026-01-23T15:39:59.874-05:00","source":{"id":"0","name":"eventBus"}}
{"__type":"$$EventMessageAudit","id":"cefcfc23-e403-42c3-b937-a39b1cc53bdd","ts":"2026-01-23T15:41:22.773-05:00","eventName":"n8n.audit.workflow.updated","message":"n8n.audit.workflow.updated","payload":{"userId":"2a012144-5790-42bf-a5ce-c35e032b4d77","_email":"programmingpyrubygo@gmail.com","_firstName":"Lucas","_lastName":"de Souza Gomes","globalRole":"global:owner","workflowId":"huq7KEz7x0gMfRfdErCYu","workflowName":"AI Process Optimizer v1"}}
{"__type":"$$EventMessageConfirm","confirm":"cefcfc23-e403-42c3-b937-a39b1cc53bdd","ts":"2026-01-23T15:41:22.773-05:00","source":{"id":"0","name":"eventBus"}}
{"__type":"$$EventMessageAudit","id":"c691ce61-360c-4fbc-9238-301f45d28ad0","ts":"2026-01-23T15:55:37.313-05:00","eventName":"n8n.audit.workflow.updated","message":"n8n.audit.workflow.updated","payload":{"userId":"2a012144-5790-42bf-a5ce-c35e032b4d77","_email":"programmingpyrubygo@gmail.com","_firstName":"Lucas","_lastName":"de Souza Gomes","globalRole":"global:owner","workflowId":"huq7KEz7x0gMfRfdErCYu","workflowName":"AI Process Optimizer v1"}}
{"__type":"$$EventMessageConfirm","confirm":"c691ce61-360c-4fbc-9238-301f45d28ad0","ts":"2026-01-23T15:55:37.313-05:00","source":{"id":"0","name":"eventBus"}}
{"__type":"$$EventMessageAudit","id":"55f0bb9a-5bb1-4915-93c9-c8ca8f0bdd1f","ts":"2026-01-23T15:55:55.088-05:00","eventName":"n8n.audit.user.credentials.created","message":"n8n.audit.user.credentials.created","payload":{"userId":"2a012144-5790-42bf-a5ce-c35e032b4d77","_email":"programmingpyrubygo@gmail.com","_firstName":"Lucas","_lastName":"de Souza Gomes","globalRole":"global:owner","credentialType":"notionApi","credentialId":"iMNnJsaRZ1KSeYK3","publicApi":false,"projectId":"OYBtfjZfNtXSEflx","projectType":"personal"}}
{"__type":"$$EventMessageConfirm","confirm":"55f0bb9a-5bb1-4915-93c9-c8ca8f0bdd1f","ts":"2026-01-23T15:55:55.088-05:00","source":{"id":"0","name":"eventBus"}}
{"__type":"$$EventMessageAudit","id":"85ef0b1f-81fe-42dc-bb79-8c49d7d675c5","ts":"2026-01-23T15:55:56.739-05:00","eventName":"n8n.audit.workflow.updated","message":"n8n.audit.workflow.updated","payload":{"userId":"2a012144-5790-42bf-a5ce-c35e032b4d77","_email":"programmingpyrubygo@gmail.com","_firstName":"Lucas","_lastName":"de Souza Gomes","globalRole":"global:owner","workflowId":"huq7KEz7x0gMfRfdErCYu","workflowName":"AI Process Optimizer v1"}}
{"__type":"$$EventMessageConfirm","confirm":"85ef0b1f-81fe-42dc-bb79-8c49d7d675c5","ts":"2026-01-23T15:55:56.739-05:00","source":{"id":"0","name":"eventBus"}}
{"__type":"$$EventMessageAudit","id":"9e4ec935-d550-420d-b419-6463afc4de4e","ts":"2026-01-23T15:56:04.739-05:00","eventName":"n8n.audit.workflow.updated","message":"n8n.audit.workflow.updated","payload":{"userId":"2a012144-5790-42bf-a5ce-c35e032b4d77","_email":"programmingpyrubygo@gmail.com","_firstName":"Lucas","_lastName":"de Souza Gomes","globalRole":"global:owner","workflowId":"huq7KEz7x0gMfRfdErCYu","workflowName":"AI Process Optimizer v1"}}
{"__type":"$$EventMessageConfirm","confirm":"9e4ec935-d550-420d-b419-6463afc4de4e","ts":"2026-01-23T15:56:04.739-05:00","source":{"id":"0","name":"eventBus"}}
{"__type":"$$EventMessageAudit","id":"aefdcb7f-dea7-44f9-ad26-a977ec529b11","ts":"2026-01-23T15:56:38.711-05:00","eventName":"n8n.audit.workflow.updated","message":"n8n.audit.workflow.updated","payload":{"userId":"2a012144-5790-42bf-a5ce-c35e032b4d77","_email":"programmingpyrubygo@gmail.com","_firstName":"Lucas","_lastName":"de Souza Gomes","globalRole":"global:owner","workflowId":"huq7KEz7x0gMfRfdErCYu","workflowName":"AI Process Optimizer v1"}}
{"__type":"$$EventMessageConfirm","confirm":"aefdcb7f-dea7-44f9-ad26-a977ec529b11","ts":"2026-01-23T15:56:38.711-05:00","source":{"id":"0","name":"eventBus"}}
{"__type":"$$EventMessageAudit","id":"f810d4b8-a18c-4d3b-9233-834e01d61cd4","ts":"2026-01-23T15:56:41.428-05:00","eventName":"n8n.audit.workflow.updated","message":"n8n.audit.workflow.updated","payload":{"userId":"2a012144-5790-42bf-a5ce-c35e032b4d77","_email":"programmingpyrubygo@gmail.com","_firstName":"Lucas","_lastName":"de Souza Gomes","globalRole":"global:owner","workflowId":"huq7KEz7x0gMfRfdErCYu","workflowName":"AI Process Optimizer v1"}}
{"__type":"$$EventMessageConfirm","confirm":"f810d4b8-a18c-4d3b-9233-834e01d61cd4","ts":"2026-01-23T15:56:41.428-05:00","source":{"id":"0","name":"eventBus"}}
{"__type":"$$EventMessageAudit","id":"e0f5a23c-c4d2-448b-b1fe-b73e7bf8f679","ts":"2026-01-23T15:57:01.174-05:00","eventName":"n8n.audit.workflow.updated","message":"n8n.audit.workflow.updated","payload":{"userId":"2a012144-5790-42bf-a5ce-c35e032b4d77","_email":"programmingpyrubygo@gmail.com","_firstName":"Lucas","_lastName":"de Souza Gomes","globalRole":"global:owner","workflowId":"huq7KEz7x0gMfRfdErCYu","workflowName":"AI Process Optimizer v1"}}
{"__type":"$$EventMessageConfirm","confirm":"e0f5a23c-c4d2-448b-b1fe-b73e7bf8f679","ts":"2026-01-23T15:57:01.174-05:00","source":{"id":"0","name":"eventBus"}}
{"__type":"$$EventMessageAudit","id":"2cd395f6-68f0-44f2-9eff-e2ae3d7c1741","ts":"2026-01-23T15:57:20.431-05:00","eventName":"n8n.audit.workflow.updated","message":"n8n.audit.workflow.updated","payload":{"userId":"2a012144-5790-42bf-a5ce-c35e032b4d77","_email":"programmingpyrubygo@gmail.com","_firstName":"Lucas","_lastName":"de Souza Gomes","globalRole":"global:owner","workflowId":"huq7KEz7x0gMfRfdErCYu","workflowName":"AI Process Optimizer v1"}}
{"__type":"$$EventMessageConfirm","confirm":"2cd395f6-68f0-44f2-9eff-e2ae3d7c1741","ts":"2026-01-23T15:57:20.431-05:00","source":{"id":"0","name":"eventBus"}}
{"__type":"$$EventMessageAudit","id":"6ec49ec6-8622-4910-aa9e-36ec96c8a7fc","ts":"2026-01-23T15:57:26.674-05:00","eventName":"n8n.audit.workflow.updated","message":"n8n.audit.workflow.updated","payload":{"userId":"2a012144-5790-42bf-a5ce-c35e032b4d77","_email":"programmingpyrubygo@gmail.com","_firstName":"Lucas","_lastName":"de Souza Gomes","globalRole":"global:owner","workflowId":"huq7KEz7x0gMfRfdErCYu","workflowName":"AI Process Optimizer v1"}}
{"__type":"$$EventMessageConfirm","confirm":"6ec49ec6-8622-4910-aa9e-36ec96c8a7fc","ts":"2026-01-23T15:57:26.674-05:00","source":{"id":"0","name":"eventBus"}}
{"__type":"$$EventMessageAudit","id":"6e3f327b-65b3-488a-b809-03566bf1b0c6","ts":"2026-01-23T15:57:36.290-05:00","eventName":"n8n.audit.workflow.updated","message":"n8n.audit.workflow.updated","payload":{"userId":"2a012144-5790-42bf-a5ce-c35e032b4d77","_email":"programmingpyrubygo@gmail.com","_firstName":"Lucas","_lastName":"de Souza Gomes","globalRole":"global:owner","workflowId":"huq7KEz7x0gMfRfdErCYu","workflowName":"AI Process Optimizer v1"}}
{"__type":"$$EventMessageConfirm","confirm":"6e3f327b-65b3-488a-b809-03566bf1b0c6","ts":"2026-01-23T15:57:36.290-05:00","source":{"id":"0","name":"eventBus"}}
{"__type":"$$EventMessageAudit","id":"48ccd2e4-2257-4d84-b6dd-9215414eeeee","ts":"2026-01-23T15:57:41.015-05:00","eventName":"n8n.audit.workflow.updated","message":"n8n.audit.workflow.updated","payload":{"userId":"2a012144-5790-42bf-a5ce-c35e032b4d77","_email":"programmingpyrubygo@gmail.com","_firstName":"Lucas","_lastName":"de Souza Gomes","globalRole":"global:owner","workflowId":"huq7KEz7x0gMfRfdErCYu","workflowName":"AI Process Optimizer v1"}}
{"__type":"$$EventMessageConfirm","confirm":"48ccd2e4-2257-4d84-b6dd-9215414eeeee","ts":"2026-01-23T15:57:41.016-05:00","source":{"id":"0","name":"eventBus"}}
{"__type":"$$EventMessageAudit","id":"b0f45e97-bb2e-4a72-825b-7dce9c58d03c","ts":"2026-01-23T15:57:45.410-05:00","eventName":"n8n.audit.workflow.updated","message":"n8n.audit.workflow.updated","payload":{"userId":"2a012144-5790-42bf-a5ce-c35e032b4d77","_email":"programmingpyrubygo@gmail.com","_firstName":"Lucas","_lastName":"de Souza Gomes","globalRole":"global:owner","workflowId":"huq7KEz7x0gMfRfdErCYu","workflowName":"AI Process Optimizer v1"}}
{"__type":"$$EventMessageConfirm","confirm":"b0f45e97-bb2e-4a72-825b-7dce9c58d03c","ts":"2026-01-23T15:57:45.410-05:00","source":{"id":"0","name":"eventBus"}}
{"__type":"$$EventMessageAudit","id":"f95cc9b2-b56d-47fe-9bfa-3a735de63dfe","ts":"2026-01-23T15:57:51.958-05:00","eventName":"n8n.audit.workflow.updated","message":"n8n.audit.workflow.updated","payload":{"userId":"2a012144-5790-42bf-a5ce-c35e032b4d77","_email":"programmingpyrubygo@gmail.com","_firstName":"Lucas","_lastName":"de Souza Gomes","globalRole":"global:owner","workflowId":"huq7KEz7x0gMfRfdErCYu","workflowName":"AI Process Optimizer v1"}}
{"__type":"$$EventMessageConfirm","confirm":"f95cc9b2-b56d-47fe-9bfa-3a735de63dfe","ts":"2026-01-23T15:57:51.958-05:00","source":{"id":"0","name":"eventBus"}}
{"__type":"$$EventMessageAudit","id":"765094bb-f3dd-4cbf-9162-1b98f3a08b35","ts":"2026-01-23T15:57:54.710-05:00","eventName":"n8n.audit.workflow.updated","message":"n8n.audit.workflow.updated","payload":{"userId":"2a012144-5790-42bf-a5ce-c35e032b4d77","_email":"programmingpyrubygo@gmail.com","_firstName":"Lucas","_lastName":"de Souza Gomes","globalRole":"global:owner","workflowId":"huq7KEz7x0gMfRfdErCYu","workflowName":"AI Process Optimizer v1"}}
{"__type":"$$EventMessageConfirm","confirm":"765094bb-f3dd-4cbf-9162-1b98f3a08b35","ts":"2026-01-23T15:57:54.710-05:00","source":{"id":"0","name":"eventBus"}}
{"__type":"$$EventMessageAudit","id":"c8093282-d612-4580-8d9f-eb512a8b80e0","ts":"2026-01-23T15:57:59.380-05:00","eventName":"n8n.audit.workflow.updated","message":"n8n.audit.workflow.updated","payload":{"userId":"2a012144-5790-42bf-a5ce-c35e032b4d77","_email":"programmingpyrubygo@gmail.com","_firstName":"Lucas","_lastName":"de Souza Gomes","globalRole":"global:owner","workflowId":"huq7KEz7x0gMfRfdErCYu","workflowName":"AI Process Optimizer v1"}}
{"__type":"$$EventMessageConfirm","confirm":"c8093282-d612-4580-8d9f-eb512a8b80e0","ts":"2026-01-23T15:57:59.380-05:00","source":{"id":"0","name":"eventBus"}}
{"__type":"$$EventMessageAudit","id":"2b9fdd56-8f12-44ed-b7f9-212e5857108d","ts":"2026-01-23T15:58:39.500-05:00","eventName":"n8n.audit.workflow.updated","message":"n8n.audit.workflow.updated","payload":{"userId":"2a012144-5790-42bf-a5ce-c35e032b4d77","_email":"programmingpyrubygo@gmail.com","_firstName":"Lucas","_lastName":"de Souza Gomes","globalRole":"global:owner","workflowId":"huq7KEz7x0gMfRfdErCYu","workflowName":"AI Process Optimizer v1"}}
{"__type":"$$EventMessageConfirm","confirm":"2b9fdd56-8f12-44ed-b7f9-212e5857108d","ts":"2026-01-23T15:58:39.501-05:00","source":{"id":"0","name":"eventBus"}}
{"__type":"$$EventMessageAudit","id":"c97f510e-17b3-4c34-9119-b374bae1e938","ts":"2026-01-23T15:58:49.899-05:00","eventName":"n8n.audit.workflow.updated","message":"n8n.audit.workflow.updated","payload":{"userId":"2a012144-5790-42bf-a5ce-c35e032b4d77","_email":"programmingpyrubygo@gmail.com","_firstName":"Lucas","_lastName":"de Souza Gomes","globalRole":"global:owner","workflowId":"huq7KEz7x0gMfRfdErCYu","workflowName":"AI Process Optimizer v1"}}
{"__type":"$$EventMessageConfirm","confirm":"c97f510e-17b3-4c34-9119-b374bae1e938","ts":"2026-01-23T15:58:49.899-05:00","source":{"id":"0","name":"eventBus"}}
{"__type":"$$EventMessageAudit","id":"81137f63-ecec-436a-bfa8-24d253c44fa5","ts":"2026-01-23T15:58:54.530-05:00","eventName":"n8n.audit.workflow.updated","message":"n8n.audit.workflow.updated","payload":{"userId":"2a012144-5790-42bf-a5ce-c35e032b4d77","_email":"programmingpyrubygo@gmail.com","_firstName":"Lucas","_lastName":"de Souza Gomes","globalRole":"global:owner","workflowId":"huq7KEz7x0gMfRfdErCYu","workflowName":"AI Process Optimizer v1"}}
{"__type":"$$EventMessageConfirm","confirm":"81137f63-ecec-436a-bfa8-24d253c44fa5","ts":"2026-01-23T15:58:54.530-05:00","source":{"id":"0","name":"eventBus"}}
{"__type":"$$EventMessageAudit","id":"5f5ba8b8-3478-4fce-af01-7d2dd3cf833c","ts":"2026-01-23T15:58:58.303-05:00","eventName":"n8n.audit.workflow.updated","message":"n8n.audit.workflow.updated","payload":{"userId":"2a012144-5790-42bf-a5ce-c35e032b4d77","_email":"programmingpyrubygo@gmail.com","_firstName":"Lucas","_lastName":"de Souza Gomes","globalRole":"global:owner","workflowId":"huq7KEz7x0gMfRfdErCYu","workflowName":"AI Process Optimizer v1"}}
{"__type":"$$EventMessageConfirm","confirm":"5f5ba8b8-3478-4fce-af01-7d2dd3cf833c","ts":"2026-01-23T15:58:58.303-05:00","source":{"id":"0","name":"eventBus"}}
